
> talexia@0.1.0 build
> next build

▲ Next.js 16.2.2 (Turbopack)
- Environments: .env

  Creating an optimized production build ...
✓ Compiled successfully in 7.2s
  Running TypeScript ...
  Finished TypeScript in 13.5s ...
  Collecting page data using 11 workers ...
  Generating static pages using 11 workers (0/84) ...
  Generating static pages using 11 workers (21/84) 
  Generating static pages using 11 workers (42/84) 
  Generating static pages using 11 workers (63/84) 
(node:15340) Warning: `--localstorage-file` was provided without a valid path
(Use `node --trace-warnings ...` to show where the warning was created)
✓ Generating static pages using 11 workers (84/84) in 1416ms
  Finalizing page optimization ...

Route (app)
┌ ○ /
├ ○ /_not-found
├ ○ /admin
├ ○ /admin/coupons
├ ƒ /admin/coupons/[id]/usages
├ ○ /admin/login
├ ○ /admin/media
├ ○ /admin/posts
├ ○ /admin/settings
├ ○ /admin/submissions
├ ○ /admin/subscriptions
├ ○ /admin/users
├ ƒ /admin/users/[id]
├ ƒ /api-data-disclosure
├ ƒ /api/admin/calendars
├ ƒ /api/admin/coupons
├ ƒ /api/admin/coupons/[id]
├ ƒ /api/admin/coupons/[id]/status
├ ƒ /api/admin/coupons/[id]/usages
├ ƒ /api/admin/publishing-routing/global
├ ƒ /api/admin/subscriptions
├ ƒ /api/admin/upload-post/health
├ ƒ /api/admin/users
├ ƒ /api/admin/users/[id]
├ ƒ /api/admin/users/[id]/audit-logs
├ ƒ /api/admin/users/[id]/block
├ ƒ /api/admin/users/[id]/cancel-subscription
├ ƒ /api/admin/users/[id]/connected-platforms
├ ƒ /api/admin/users/[id]/delete-with-password
├ ƒ /api/admin/users/[id]/invoices
├ ƒ /api/admin/users/[id]/media
├ ƒ /api/admin/users/[id]/media/[mediaId]
├ ƒ /api/admin/users/[id]/media/upload-url
├ ƒ /api/admin/users/[id]/posts
├ ƒ /api/admin/users/[id]/posts/[postId]/approve
├ ƒ /api/admin/users/[id]/posts/import-google-sheet
├ ƒ /api/admin/users/[id]/publishing-routing
├ ƒ /api/admin/users/[id]/refresh-subscription
├ ƒ /api/admin/users/[id]/resend-verification
├ ƒ /api/admin/users/[id]/reset-password
├ ƒ /api/admin/users/[id]/scheduled-items
├ ƒ /api/admin/users/[id]/unblock
├ ƒ /api/admin/users/[id]/upload
├ ƒ /api/auth/admin-login
├ ƒ /api/auth/google
├ ƒ /api/auth/google/callback
├ ƒ /api/auth/login
├ ƒ /api/auth/logout
├ ƒ /api/auth/me
├ ƒ /api/auth/resend-verification
├ ƒ /api/auth/signup
├ ƒ /api/auth/verify-email
├ ƒ /api/billing/cancel
├ ƒ /api/billing/checkout
├ ƒ /api/billing/coupons
├ ƒ /api/billing/current-plan
├ ƒ /api/billing/invoices
├ ƒ /api/billing/plans
├ ƒ /api/billing/portal
├ ƒ /api/billing/schedule-change
├ ƒ /api/billing/scheduled-change/cancel
├ ƒ /api/billing/summary
├ ƒ /api/billing/sync
├ ƒ /api/brand-profiles
├ ƒ /api/brand-profiles/files
├ ƒ /api/contact
├ ƒ /api/dashboard/overview
├ ƒ /api/newsletter
├ ƒ /api/onboarding/calendar
├ ƒ /api/onboarding/complete
├ ƒ /api/onboarding/full-management
├ ƒ /api/onboarding/full-management/draft
├ ƒ /api/onboarding/visual
├ ƒ /api/onboarding/visual/draft
├ ƒ /api/posts
├ ƒ /api/posts/[postId]
├ ƒ /api/posts/[postId]/publish
├ ƒ /api/posts/calendar
├ ƒ /api/posts/statistics
├ ƒ /api/social
├ ƒ /api/social/connect
├ ƒ /api/social/disconnect
├ ƒ /api/submissions
├ ƒ /api/submissions/[...path]
├ ƒ /api/uploads/asset
├ ƒ /api/uploads/assets
├ ƒ /api/uploads/presign
├ ƒ /api/user/settings
├ ƒ /api/visits/config
├ ƒ /api/visits/schedule
├ ○ /billing/cancel
├ ○ /billing/checkout
├ ○ /billing/success
├ ○ /contact
├ ƒ /content-disclaimer
├ ƒ /cookie-policy
├ ○ /dashboard
├ ○ /dashboard/billing
├ ○ /dashboard/calendar
├ ○ /dashboard/media
├ ○ /dashboard/schedule-visit
├ ○ /dashboard/settings
├ ○ /dashboard/social
├ ○ /dashboard/submissions
├ ƒ /data-usage
├ ○ /faq
├ ○ /login
├ ○ /onboarding
├ ○ /onboarding/calendar
├ ○ /onboarding/full-management
├ ○ /onboarding/visual
├ ○ /pricing
├ ƒ /pricing/[category]
├ ƒ /privacy-policy
├ ƒ /refund-policy
├ ○ /signup
├ ƒ /terms-conditions
└ ○ /verify


ƒ Proxy (Middleware)

○  (Static)   prerendered as static content
ƒ  (Dynamic)  server-rendered on demand

